exports[`Field Tests renders a field with one value 1`] = `
<span>
  <dt>
    <label
      className="label label-default">
      blah
      :
    </label>
  </dt>
  <dd>
    <a
      href="http://example.com">
      foo
    </a>
  </dd>
  <dd>
    <a
      href="http://example1.com">
      bar
    </a>
    
  </dd>
</span>
`;
