exports[`CitationMla Tests renders a citation 1`] = `
<span
  class="citation">
  Fred.
   <i>Fred and his dog</i>.
   09/01/2001.
   Fred and co, 
  www.example.com/fred
  Accessed November 8, 2017.
</span>
`;
