exports[`CitationWikipedia Tests renders a citation 1`] = `
<span
  class="citation">
  &lt;ref name=a&gt; {{
  cite web | url=http://www.example.com/fred
   | title= (Article)
  Fred and his dog,
  (09/01/2001)
   | author=Fred
   | accessdate=November 8, 2017
   | publisher=Fred and co
</span>
`;
