exports[`CiteNavigation Tests renders a navigation item 1`] = `
<li
  className={undefined}
  role="presentation">
  <a
    href="#"
    onClick={[Function]}>
    Foo
  </a>
</li>
`;
