exports[`Field Tests renders a field with one value 1`] = `
<div
  className="field field-blah">
  <label>
    blah
    :
  </label>
  <span
    className="field-value">
    <a
      href="http://example.com">
      foo
    </a>
  </span>
  <span
    className="field-value">
    <a
      href="http://example1.com">
      bar
    </a>
  </span>
</div>
`;
