exports[`ReactCitation Test renders react citation 1`] = `
<div>
  <ul
    className="citation-navigation nav nav-pills">
    <li
      className="active"
      role="presentation">
      <a
        href="#"
        onClick={[Function]}>
        Details
      </a>
    </li>
  </ul>
  <div>
    <div
      className="field field-title">
      <label
        className="label label-default">
        Title
        :
      </label>
      <span
        className="field-value">
        <a
          href="https://www.amazon.com/DAEMON-Daniel-Suarez/dp/0451228731" />
        
      </span>
    </div>
    <div
      className="field field-title">
      <label
        className="label label-default">
        Title
        :
      </label>
      <span
        className="field-value">
        <a
          href="https://www.amazon.com/Snow-Crash-Neal-Stephenson/dp/0553380958/ref=sr_1_1?s=books&ie=UTF8&qid=1478114241&sr=1-1&keywords=snowcrash" />
      </span>
      <span
        className="field-value">
        
      </span>
    </div>
  </div>
</div>
`;
